Initialize godot-rust (API v4.5.stable.official, runtime v4.6.1.stable.official, safeguards balanced)
Initialize godot-rust (API v4.5.stable.official, runtime v4.6.1.stable.official, safeguards strict)
Godot Engine v4.6.1.stable.official.14d19694e - https://godotengine.org
Vulkan 1.4.329 - Forward Mobile - Using Device #0: NVIDIA - NVIDIA GeForce RTX 5070 Ti

[WhisperCpp] initialised
[92m[WhisperCpp] GDExtension loaded[39m[0m
[VimController] WhisperNode set, native input available: false
[WhisperCpp] starting background model load: C:/Users/hippo/git_repos/clawffice/careless-whisper-godot/models/ggml-base.en.bin
whisper_init_from_file_with_params_no_state: loading model from 'C:/Users/hippo/git_repos/clawffice/careless-whisper-godot/models/ggml-base.en.bin'
whisper_init_with_params_no_state: use gpu    = 0
whisper_init_with_params_no_state: flash attn = 0
whisper_init_with_params_no_state: gpu_device = 0
whisper_init_with_params_no_state: dtw        = 0
whisper_init_with_params_no_state: devices    = 1
whisper_init_with_params_no_state: backends   = 1
whisper_model_load: loading model
whisper_model_load: n_vocab       = 51864
whisper_model_load: n_audio_ctx   = 1500
whisper_model_load: n_audio_state = 512
whisper_model_load: n_audio_head  = 8
whisper_model_load: n_audio_layer = 6
whisper_model_load: n_text_ctx    = 448
whisper_model_load: n_text_state  = 512
whisper_model_load: n_text_head   = 8
whisper_model_load: n_text_layer  = 6
whisper_model_load: n_mels        = 80
whisper_model_load: ftype         = 1
whisper_model_load: qntvr         = 0
whisper_model_load: type          = 2 (base)
whisper_model_load: adding 1607 extra tokens
whisper_model_load: n_langs       = 99
whisper_model_load:          CPU total size =   147.37 MB
whisper_model_load: model size    =  147.37 MB
[Config] Mic input set to: Microphone (HyperX Cloud III)
[WhisperCpp] starting background model load: C:/Users/hippo/git_repos/clawffice/careless-whisper-godot/models/ggml-base.en.bin
whisper_init_from_file_with_params_no_state: loading model from 'C:/Users/hippo/git_repos/clawffice/careless-whisper-godot/models/ggml-base.en.bin'
whisper_init_with_params_no_state: use gpu    = 0
whisper_init_with_params_no_state: flash attn = 0
whisper_init_with_params_no_state: gpu_device = 0
whisper_init_with_params_no_state: dtw        = 0
whisper_init_with_params_no_state: devices    = 1
whisper_init_with_params_no_state: backends   = 1
whisper_model_load: loading model
whisper_model_load: n_vocab       = 51864
whisper_model_load: n_audio_ctx   = 1500
whisper_model_load: n_audio_state = 512
whisper_model_load: n_audio_head  = 8
whisper_model_load: n_audio_layer = 6
whisper_model_load: n_text_ctx    = 448
whisper_model_load: n_text_state  = 512
whisper_model_load: n_text_head   = 8
whisper_model_load: n_text_layer  = 6
whisper_model_load: n_mels        = 80
whisper_model_load: ftype         = 1
whisper_model_load: qntvr         = 0
whisper_model_load: type          = 2 (base)
whisper_model_load: adding 1607 extra tokens
whisper_model_load: n_langs       = 99
whisper_model_load:          CPU total size =   147.37 MB
whisper_model_load: model size    =  147.37 MB
whisper_backend_init_gpu: no GPU found
whisper_init_state: kv self size  =    6.29 MB
whisper_init_state: kv cross size =   18.87 MB
whisper_init_state: kv pad  size  =    3.15 MB
whisper_init_state: compute buffer (conv)   =   16.28 MB
whisper_init_state: compute buffer (encode) =   85.88 MB
whisper_init_state: compute buffer (cross)  =    4.66 MB
whisper_init_state: compute buffer (decode) =   96.37 MB

whisper_full_with_state: strategy = 0, decoding with 1 decoders, temperature = 0.00


whisper_full_with_state: prompt[0] = [_SOT_]


whisper_full_with_state: id =   0, decoder = 0, token =  50363, p =  0.787, ts =    [_BEG_],  0.787, result_len =    0 '[_BEG_]'
whisper_full_with_state: id =   1, decoder = 0, token =  23983, p =  0.863, ts =        [?],  0.000, result_len =    0 ' Testing'
whisper_full_with_state: id =   2, decoder = 0, token =     11, p =  0.432, ts =        [?],  0.061, result_len =    0 ','
whisper_full_with_state: id =   3, decoder = 0, token =   4856, p =  0.901, ts =        [?],  0.028, result_len =    0 ' testing'
whisper_full_with_state: id =   4, decoder = 0, token =     13, p =  0.398, ts =  [_TT_100],  0.197, result_len =    0 '.'
whisper_full_with_state: id =   5, decoder = 0, token =    770, p =  0.802, ts =  [_TT_100],  0.110, result_len =    0 ' This'
whisper_full_with_state: id =   6, decoder = 0, token =    318, p =  0.995, ts =        [?],  0.013, result_len =    0 ' is'
whisper_full_with_state: id =   7, decoder = 0, token =    257, p =  0.875, ts =        [?],  0.035, result_len =    0 ' a'
whisper_full_with_state: id =   8, decoder = 0, token =   1332, p =  0.997, ts =        [?],  0.029, result_len =    0 ' test'
whisper_full_with_state: id =   9, decoder = 0, token =     13, p =  0.904, ts =        [?],  0.074, result_len =    0 '.'
whisper_full_with_state: id =  10, decoder = 0, token =  50613, p =  0.037, ts =        [?],  0.037, result_len =   11 '[_TT_250]'
whisper_full_with_state: decoder 0 completed
whisper_full_with_state: decoder  0: score = -0.54619, result_len =  11, avg_logprobs = -0.54619, entropy =  2.27187
whisper_full_with_state: best decoder = 0
single timestamp ending - skip entire chunk
seek = 343, seek_delta = 343
